[flowbite.com/docs/getting-started/introduction/index.html]
[flowbite.com/docs/getting-started/quickstart/index.html]
[flowbite.com/docs/getting-started/javascript/index.html]
[flowbite.com/docs/getting-started/typescript/index.html]
[flowbite.com/docs/getting-started/license/index.html]
[flowbite.com/docs/getting-started/changelog/index.html]
[flowbite.com/docs/getting-started/react/index.html]
[flowbite.com/docs/getting-started/next-js/index.html]
[flowbite.com/docs/getting-started/vue/index.html]
[flowbite.com/docs/getting-started/nuxt-js/index.html]
[flowbite.com/docs/getting-started/svelte/index.html]
[flowbite.com/docs/getting-started/angular/index.html]
[flowbite.com/docs/getting-started/astro/index.html]
[flowbite.com/docs/getting-started/remix/index.html]
[flowbite.com/docs/getting-started/meteor-js/index.html]
[flowbite.com/docs/getting-started/gatsby/index.html]
[flowbite.com/docs/getting-started/solid-js/index.html]
[flowbite.com/docs/getting-started/laravel/index.html]
[flowbite.com/docs/getting-started/qwik/index.html]
[flowbite.com/docs/getting-started/symfony/index.html]
[flowbite.com/docs/getting-started/rails/index.html]
[flowbite.com/docs/getting-started/django/index.html]
[flowbite.com/docs/getting-started/flask/index.html]
[flowbite.com/docs/getting-started/phoenix/index.html]
[flowbite.com/docs/getting-started/blazor/index.html]
[flowbite.com/docs/customize/dark-mode/index.html]
[flowbite.com/docs/customize/configuration/index.html]
[flowbite.com/docs/customize/colors/index.html]
[flowbite.com/docs/customize/theming/index.html]
[flowbite.com/docs/customize/icons/index.html]
[flowbite.com/docs/customize/optimization/index.html]
[flowbite.com/docs/customize/rtl/index.html]
[flowbite.com/docs/components/alerts/index.html]
[flowbite.com/docs/components/avatar/index.html]
[flowbite.com/docs/components/accordion/index.html]
[flowbite.com/docs/components/badge/index.html]
[flowbite.com/docs/components/banner/index.html]
[flowbite.com/docs/components/breadcrumb/index.html]
[flowbite.com/docs/components/bottom-navigation/index.html]
[flowbite.com/docs/components/buttons/index.html]
[flowbite.com/docs/components/button-group/index.html]
[flowbite.com/docs/components/carousel/index.html]
[flowbite.com/docs/components/card/index.html]
[flowbite.com/docs/components/chat-bubble/index.html]
[flowbite.com/docs/components/datepicker/index.html]
[flowbite.com/docs/components/clipboard/index.html]
[flowbite.com/docs/components/device-mockups/index.html]
[flowbite.com/docs/components/footer/index.html]
[flowbite.com/docs/components/dropdowns/index.html]
[flowbite.com/docs/components/drawer/index.html]
[flowbite.com/docs/components/gallery/index.html]
[flowbite.com/docs/components/indicators/index.html]
[flowbite.com/docs/components/forms/index.html]
[flowbite.com/docs/components/jumbotron/index.html]
[flowbite.com/docs/components/kbd/index.html]
[flowbite.com/docs/components/list-group/index.html]
[flowbite.com/docs/components/mega-menu/index.html]
[flowbite.com/docs/components/modal/index.html]
[flowbite.com/docs/components/navbar/index.html]
[flowbite.com/docs/components/pagination/index.html]
[flowbite.com/docs/components/progress/index.html]
[flowbite.com/docs/components/rating/index.html]
[flowbite.com/docs/components/popover/index.html]
[flowbite.com/docs/components/skeleton/index.html]
[flowbite.com/docs/components/sidebar/index.html]
[flowbite.com/docs/components/spinner/index.html]
[backblue.gif]
[fade.gif]
[index.html]
[flowbite.com/docs/components/stepper/index.html]
[flowbite.com/docs/components/speed-dial/index.html]
[flowbite.com/docs/components/tabs/index.html]
[flowbite.com/docs/components/timeline/index.html]
[cdnjs.cloudflare.com/ajax/libs/prism/1.24.1/themes/prism.min.css]
[flowbite.com/docs/components/tables/index.html]
[flowbite.com/docs/components/toast/index.html]
[flowbite.com/docs/components/tooltips/index.html]
[flowbite.com/docs/flowbite5d5d.css]
[flowbite.com/docs/components/typography/index.html]
[flowbite.com/docs/docs5d5d.css]
[flowbite.com/docs/apple-icon-57x57.png]
[flowbite.com/docs/components/video/index.html]
[flowbite.com/docs/apple-icon-60x60.png]
[flowbite.com/docs/apple-icon-72x72.png]
[flowbite.com/docs/forms/input-field/index.html]
[flowbite.com/docs/apple-icon-76x76.png]
[flowbite.com/docs/apple-icon-114x114.png]
[flowbite.com/docs/forms/file-input/index.html]
[flowbite.com/docs/apple-icon-120x120.png]
[flowbite.com/docs/forms/search-input/index.html]
[flowbite.com/docs/apple-icon-144x144.png]
[flowbite.com/docs/apple-icon-152x152.png]
[flowbite.com/docs/apple-icon-180x180.png]
[flowbite.com/docs/android-icon-192x192.png]
[flowbite.com/docs/forms/number-input/index.html]
[flowbite.com/docs/favicon-32x32.png]
[flowbite.com/docs/forms/phone-input/index.html]
[flowbite.com/docs/favicon-96x96.png]
[flowbite.com/docs/favicon-16x16.png]
[flowbite.com/docs/forms/select/index.html]
[flowbite.com/docs/images/og-image.png]
[flowbite.com/docs/forms/textarea/index.html]
[cdn.usefathom.com/script.js]
[flowbite.com/docs/forms/timepicker/index.html]
[f.convertkit.com/ckjs/ck.5.js]
[flowbite.com/docs/forms/checkbox/index.html]
[flowbite.com/docs/forms/toggle/index.html]
[flowbite.com/docs/forms/range/index.html]
[flowbite.com/docs/forms/radio/index.html]
[flowbite.com/docs/forms/floating-label/index.html]
[flowbite.com/docs/typography/headings/index.html]
[flowbite.com/docs/typography/paragraphs/index.html]
[flowbite.com/docs/typography/blockquote/index.html]
[flowbite.com/docs/typography/images/index.html]
[flowbite.com/docs/typography/lists/index.html]
[flowbite.com/docs/typography/links/index.html]
[cdn.carbonads.com/carbon2a28.js]
[flowbite.com/docs/typography/text/index.html]
[flowbite.com/docs/typography/hr/index.html]
[cdnjs.cloudflare.com/ajax/libs/prism/1.24.1/prism.min.js]
[flowbite.com/docs/plugins/charts/index.html]
[flowbite.com/docs/flowbite.min5d5d.js]
[flowbite.com/docs/getting-started/introduction/index.html]
[flowbite.com/docs/docs5d5d.js]
[flowbite.com/docs/plugins/datatables/index.html]
[flowbite.com/docs/getting-started/quickstart/index.html]
[flowbite.com/docs/getting-started/javascript/index.html]
[flowbite.com/docs/flowbite.min.js]
[flowbite.com/docs/getting-started/typescript/index.html]
[flowbite.com/docs/getting-started/license/index.html]
[flowbite.com/docs/getting-started/changelog/index.html]
[flowbite.com/docs/getting-started/react/index.html]
[flowbite.com/docs/getting-started/next-js/index.html]
[flowbite.com/docs/getting-started/vue/index.html]
[flowbite.com/docs/getting-started/nuxt-js/index.html]
[flowbite.com/docs/getting-started/svelte/index.html]
[flowbite.com/docs/getting-started/angular/index.html]
[flowbite.com/docs/getting-started/astro/index.html]
[flowbite.com/docs/getting-started/remix/index.html]
[flowbite.com/docs/getting-started/meteor-js/index.html]
[flowbite.com/docs/getting-started/gatsby/index.html]
[flowbite.com/docs/getting-started/solid-js/index.html]
[flowbite.com/docs/getting-started/qwik/index.html]
[flowbite.com/docs/getting-started/laravel/index.html]
[flowbite.com/docs/getting-started/symfony/index.html]
[flowbite.com/docs/getting-started/rails/index.html]
[flowbite.com/docs/getting-started/phoenix/index.html]
[flowbite.com/docs/getting-started/django/index.html]
[flowbite.com/docs/getting-started/flask/index.html]
[flowbite.com/docs/getting-started/blazor/index.html]
[flowbite.com/docs/customize/configuration/index.html]
[flowbite.com/docs/customize/dark-mode/index.html]
[flowbite.com/docs/customize/theming/index.html]
[flowbite.com/docs/customize/colors/index.html]
[flowbite.com/docs/customize/icons/index.html]
[flowbite.com/docs/customize/rtl/_https_/flowbite.com/_/index.html]
[flowbite.com/docs/customize/rtl/_https_/flowbite.com/docs/images/logo.svg_/index.html]
[flowbite.com/docs/customize/rtl/index.html]
[flowbite.com/docs/customize/rtl/_/index.html]
[flowbite.com/docs/customize/optimization/index.html]
[flowbite.com/docs/components/accordion/_/docs/getting-started/introduction/_/index.html]
[flowbite.com/docs/components/accordion/_https_/flowbite.com/figma/_/index.html]
[flowbite.com/docs/components/accordion/_https_/flowbite.com/pro/_/index.html]
[flowbite.com/docs/components/accordion/index.html]
[flowbite.com/docs/components/accordion/_https_/tailwindui.com/_/index.html]
[flowbite.com/docs/components/alerts/index.html]
[flowbite.com/docs/components/alerts/_/index.html]
[flowbite.com/docs/images/people/profile-picture-5.jpg]
[flowbite.com/docs/components/avatar/_/docs/images/people/profile-picture-5.jpg_/index.html]
[flowbite.com/docs/components/avatar/_/docs/images/people/profile-picture-4.jpg_/index.html]
[flowbite.com/docs/images/people/profile-picture-4.jpg]
[flowbite.com/docs/components/avatar/_/docs/images/people/profile-picture-3.jpg_/index.html]
[flowbite.com/docs/images/people/profile-picture-3.jpg]
[flowbite.com/docs/components/avatar/_/docs/images/people/profile-picture-2.jpg_/index.html]
[flowbite.com/docs/components/avatar/index.html]
[flowbite.com/docs/images/people/profile-picture-2.jpg]
[flowbite.com/docs/components/avatar/_/index.html]
[flowbite.com/docs/components/badge/index.html]
[flowbite.com/docs/components/badge/_/index.html]
[flowbite.com/docs/components/banner/_https_/flowbite.com_/index.html]
[flowbite.com/docs/components/banner/_https_/flowbite.com/_/index.html]
[flowbite.com/docs/components/banner/_https_/flowbite.com/docs/images/logo.svg_/index.html]
[flowbite.com/docs/components/banner/index.html]
[flowbite.com/docs/components/banner/_/index.html]
[flowbite.com/docs/components/bottom-navigation/_/index.html]
[flowbite.com/docs/components/bottom-navigation/_/docs/images/people/profile-picture-1.jpg_/index.html]
[flowbite.com/docs/components/bottom-navigation/_/docs/images/people/profile-picture-2.jpg_/index.html]
[flowbite.com/docs/components/bottom-navigation/_/docs/images/people/profile-picture-3.jpg_/index.html]
[flowbite.com/docs/components/bottom-navigation/_/docs/images/people/profile-picture-4.jpg_/index.html]
[flowbite.com/docs/images/people/profile-picture-1.jpg]
[flowbite.com/docs/components/bottom-navigation/_/docs/images/people/profile-picture-5.jpg_/index.html]
[flowbite.com/docs/images/misc/flowbite-yt-screenshot.png]
[flowbite.com/docs/components/bottom-navigation/index.html]
[flowbite.com/docs/components/bottom-navigation/_/docs/images/misc/flowbite-yt-screenshot.png_/index.html]
[flowbite.com/docs/components/breadcrumb/index.html]
[flowbite.com/docs/components/buttons/index.html]
[flowbite.com/docs/components/breadcrumb/_/index.html]
[flowbite.com/docs/components/button-group/index.html]
[flowbite.com/docs/components/button-group/_/index.html]
[flowbite.com/docs/components/card/_/index.html]
[flowbite.com/docs/components/card/_/docs/images/blog/image-1.jpg_/index.html]
[flowbite.com/docs/images/blog/image-1.jpg]
[flowbite.com/docs/images/blog/image-4.jpg]
[flowbite.com/docs/components/card/_/docs/images/blog/image-4.jpg_/index.html]
[flowbite.com/docs/components/card/_/docs/images/people/profile-picture-3.jpg_/index.html]
[flowbite.com/docs/images/products/apple-watch.png]
[flowbite.com/docs/components/card/_/docs/images/products/apple-watch.png_/index.html]
[flowbite.com/docs/components/card/_/docs/getting-started/introduction/_/index.html]
[flowbite.com/docs/components/card/_https_/flowbite.com/figma/_/index.html]
[flowbite.com/docs/components/card/_https_/flowbite.com/pro/_/index.html]
[flowbite.com/docs/components/card/_https_/tailwindui.com/_/index.html]
[flowbite.com/docs/components/card/_/docs/images/people/profile-picture-1.jpg_/index.html]
[flowbite.com/docs/components/card/_/docs/images/people/profile-picture-2.jpg_/index.html]
[flowbite.com/docs/components/card/_/docs/images/people/profile-picture-4.jpg_/index.html]
[flowbite.com/docs/components/card/_/docs/images/people/profile-picture-5.jpg_/index.html]
[flowbite.com/docs/components/card/_https_/flowbite.s3.amazonaws.com/blocks/marketing-ui/avatars/karen-nelson.png_/index.html]
[flowbite.com/docs/components/card/_https_/flowbite.s3.amazonaws.com/blocks/marketing-ui/avatars/roberta-casas.png_/index.html]
[flowbite.com/docs/components/card/_https_/flowbite.s3.amazonaws.com/blocks/marketing-ui/avatars/jese-leos.png_/index.html]
[flowbite.com/docs/components/card/_https_/flowbite.s3.amazonaws.com/blocks/marketing-ui/avatars/joseph-mcfall.png_/index.html]
[flowbite.s3.amazonaws.com/blocks/marketing-ui/avatars/karen-nelson.png]
[flowbite.s3.amazonaws.com/blocks/marketing-ui/avatars/roberta-casas.png]
[flowbite.s3.amazonaws.com/blocks/marketing-ui/avatars/jese-leos.png]
[flowbite.s3.amazonaws.com/blocks/marketing-ui/avatars/joseph-mcfall.png]
[flowbite.com/docs/components/card/index.html]
[flowbite.com/docs/components/carousel/_/docs/images/carousel/carousel-1.svg_/index.html]
[flowbite.com/docs/components/carousel/_/docs/images/carousel/carousel-2.svg_/index.html]
[flowbite.com/docs/components/carousel/_/docs/images/carousel/carousel-3.svg_/index.html]
[flowbite.com/docs/components/carousel/_/docs/images/carousel/carousel-4.svg_/index.html]
[flowbite.com/docs/components/carousel/index.html]
[flowbite.com/docs/components/carousel/_/docs/images/carousel/carousel-5.svg_/index.html]
[flowbite.com/docs/components/chat-bubble/_/docs/images/people/profile-picture-3.jpg_/index.html]
[flowbite.com/docs/components/chat-bubble/_/index.html]
[flowbite.com/docs/images/blog/image-2.jpg]
[flowbite.com/docs/components/chat-bubble/_/docs/images/blog/image-2.jpg_/index.html]
[flowbite.com/docs/components/chat-bubble/_/docs/images/blog/image-1.jpg_/index.html]
[flowbite.com/docs/images/blog/image-3.jpg]
[flowbite.com/docs/components/chat-bubble/_/docs/images/blog/image-3.jpg_/index.html]
[flowbite.com/docs/components/chat-bubble/_https_/github.com/themesberg/flowbite_/index.html]
[flowbite.com/docs/components/chat-bubble/index.html]
[flowbite.com/docs/components/chat-bubble/_https_/flowbite.com/docs/images/og-image.png_/index.html]
[flowbite.com/docs/components/clipboard/&/index.html]
[flowbite.com/docs/components/clipboard/index.html]
[flowbite.com/docs/components/datepicker/index.html]
[flowbite.com/docs/components/clipboard/_/index.html]
[flowbite.com/docs/components/device-mockups/_https_/flowbite.s3.amazonaws.com/blocks/marketing-ui/hero/mockup-1-light.png_/index.html]
[flowbite.com/docs/components/device-mockups/_https_/flowbite.s3.amazonaws.com/blocks/marketing-ui/hero/mockup-1-dark.png_/index.html]
[flowbite.s3.amazonaws.com/blocks/marketing-ui/hero/mockup-1-light.png]
[flowbite.s3.amazonaws.com/blocks/marketing-ui/hero/mockup-1-dark.png]
[flowbite.com/docs/components/device-mockups/_https_/flowbite.s3.amazonaws.com/blocks/marketing-ui/hero/mockup-2-light.png_/index.html]
[flowbite.com/docs/components/device-mockups/_https_/flowbite.s3.amazonaws.com/blocks/marketing-ui/hero/mockup-2-dark.png_/index.html]
[flowbite.s3.amazonaws.com/blocks/marketing-ui/hero/mockup-2-light.png]
[flowbite.s3.amazonaws.com/blocks/marketing-ui/hero/mockup-2-dark.png]
[flowbite.com/docs/components/device-mockups/_https_/flowbite.s3.amazonaws.com/docs/device-mockups/tablet-mockup-image.png_/index.html]
[flowbite.com/docs/components/device-mockups/_https_/flowbite.s3.amazonaws.com/docs/device-mockups/tablet-mockup-image-dark.png_/index.html]
[flowbite.s3.amazonaws.com/docs/device-mockups/tablet-mockup-image.png]
[flowbite.s3.amazonaws.com/docs/device-mockups/tablet-mockup-image-dark.png]
[flowbite.com/docs/components/device-mockups/_https_/flowbite.s3.amazonaws.com/docs/device-mockups/laptop-screen.png_/index.html]
[flowbite.s3.amazonaws.com/docs/device-mockups/laptop-screen.png]
[flowbite.com/docs/components/device-mockups/_https_/flowbite.s3.amazonaws.com/docs/device-mockups/laptop-screen-dark.png_/index.html]
[flowbite.s3.amazonaws.com/docs/device-mockups/laptop-screen-dark.png]
[flowbite.com/docs/components/device-mockups/_https_/flowbite.s3.amazonaws.com/docs/device-mockups/screen-image-imac.png_/index.html]
[flowbite.s3.amazonaws.com/docs/device-mockups/screen-image-imac.png]
[flowbite.com/docs/components/device-mockups/_https_/flowbite.s3.amazonaws.com/docs/device-mockups/screen-image-imac-dark.png_/index.html]
[flowbite.s3.amazonaws.com/docs/device-mockups/screen-image-imac-dark.png]
[flowbite.com/docs/components/device-mockups/_https_/flowbite.s3.amazonaws.com/docs/device-mockups/watch-screen-image.png_/index.html]
[flowbite.com/docs/components/device-mockups/_https_/flowbite.s3.amazonaws.com/docs/device-mockups/watch-screen-image-dark.png_/index.html]
[flowbite.s3.amazonaws.com/docs/device-mockups/watch-screen-image.png]
[flowbite.s3.amazonaws.com/docs/device-mockups/watch-screen-image-dark.png]
[flowbite.com/docs/components/device-mockups/index.html]
[flowbite.com/docs/components/drawer/_/index.html]
[flowbite.com/docs/components/drawer/_/docs/images/people/profile-picture-5.jpg_/index.html]
[flowbite.com/docs/components/drawer/_/docs/images/people/profile-picture-2.jpg_/index.html]
[flowbite.com/docs/components/drawer/_/docs/images/people/profile-picture-3.jpg_/index.html]
[flowbite.com/docs/components/drawer/index.html]
[flowbite.com/docs/components/drawer/_/docs/images/people/profile-picture-4.jpg_/index.html]
[flowbite.com/docs/components/dropdowns/_/index.html]
[flowbite.com/docs/components/dropdowns/_/docs/images/people/profile-picture-1.jpg_/index.html]
[flowbite.com/docs/components/dropdowns/_/docs/images/people/profile-picture-2.jpg_/index.html]
[flowbite.com/docs/components/dropdowns/_/docs/images/people/profile-picture-3.jpg_/index.html]
[flowbite.com/docs/components/dropdowns/_/docs/images/people/profile-picture-4.jpg_/index.html]
[flowbite.com/docs/components/dropdowns/_/docs/images/people/profile-picture-5.jpg_/index.html]
[flowbite.com/docs/components/dropdowns/index.html]
[flowbite.com/docs/components/dropdowns/_https_/flowbite.com/docs/images/logo.svg_/index.html]
[flowbite.com/docs/components/footer/_https_/flowbite.com/_/index.html]
[flowbite.com/docs/components/footer/_/index.html]
[flowbite.com/docs/components/footer/_https_/flowbite.com/docs/images/logo.svg_/index.html]
[flowbite.com/docs/components/footer/_https_/tailwindcss.com/_/index.html]
[flowbite.com/docs/components/footer/_https_/github.com/themesberg/flowbite_/index.html]
[flowbite.com/docs/components/footer/index.html]
[flowbite.com/docs/components/footer/_https_/discord.gg/4eeurUVvTy_/index.html]
[flowbite.com/docs/components/forms/index.html]
[flowbite.com/docs/components/forms/_/index.html]
[flowbite.com/docs/components/gallery/_https_/flowbite.s3.amazonaws.com/docs/gallery/square/image.jpg_/index.html]
[flowbite.com/docs/components/gallery/_https_/flowbite.s3.amazonaws.com/docs/gallery/square/image-1.jpg_/index.html]
[flowbite.com/docs/components/gallery/_https_/flowbite.s3.amazonaws.com/docs/gallery/square/image-2.jpg_/index.html]
[flowbite.com/docs/components/gallery/_https_/flowbite.s3.amazonaws.com/docs/gallery/square/image-3.jpg_/index.html]
[flowbite.com/docs/components/gallery/_https_/flowbite.s3.amazonaws.com/docs/gallery/square/image-4.jpg_/index.html]
[flowbite.com/docs/components/gallery/_https_/flowbite.s3.amazonaws.com/docs/gallery/square/image-5.jpg_/index.html]
[flowbite.com/docs/components/gallery/_https_/flowbite.s3.amazonaws.com/docs/gallery/square/image-6.jpg_/index.html]
[flowbite.com/docs/components/gallery/_https_/flowbite.s3.amazonaws.com/docs/gallery/square/image-7.jpg_/index.html]
[flowbite.com/docs/components/gallery/_https_/flowbite.s3.amazonaws.com/docs/gallery/square/image-8.jpg_/index.html]
[flowbite.com/docs/components/gallery/_https_/flowbite.s3.amazonaws.com/docs/gallery/square/image-9.jpg_/index.html]
[flowbite.com/docs/components/gallery/_https_/flowbite.s3.amazonaws.com/docs/gallery/square/image-10.jpg_/index.html]
[flowbite.s3.amazonaws.com/docs/gallery/square/image.jpg]
[flowbite.com/docs/components/gallery/_https_/flowbite.s3.amazonaws.com/docs/gallery/square/image-11.jpg_/index.html]
[flowbite.s3.amazonaws.com/docs/gallery/square/image-1.jpg]
[flowbite.s3.amazonaws.com/docs/gallery/square/image-2.jpg]
[flowbite.s3.amazonaws.com/docs/gallery/square/image-3.jpg]
[flowbite.s3.amazonaws.com/docs/gallery/square/image-4.jpg]
[flowbite.s3.amazonaws.com/docs/gallery/square/image-5.jpg]
[flowbite.s3.amazonaws.com/docs/gallery/square/image-6.jpg]
[flowbite.s3.amazonaws.com/docs/gallery/square/image-7.jpg]
[flowbite.s3.amazonaws.com/docs/gallery/square/image-8.jpg]
[flowbite.s3.amazonaws.com/docs/gallery/square/image-9.jpg]
[flowbite.s3.amazonaws.com/docs/gallery/square/image-10.jpg]
[flowbite.s3.amazonaws.com/docs/gallery/square/image-11.jpg]
[flowbite.com/docs/components/gallery/_https_/flowbite.s3.amazonaws.com/docs/gallery/masonry/image.jpg_/index.html]
[flowbite.com/docs/components/gallery/_https_/flowbite.s3.amazonaws.com/docs/gallery/masonry/image-1.jpg_/index.html]
[flowbite.com/docs/components/gallery/_https_/flowbite.s3.amazonaws.com/docs/gallery/masonry/image-2.jpg_/index.html]
[flowbite.com/docs/components/gallery/_https_/flowbite.s3.amazonaws.com/docs/gallery/masonry/image-3.jpg_/index.html]
[flowbite.com/docs/components/gallery/_https_/flowbite.s3.amazonaws.com/docs/gallery/masonry/image-4.jpg_/index.html]
[flowbite.com/docs/components/gallery/_https_/flowbite.s3.amazonaws.com/docs/gallery/masonry/image-5.jpg_/index.html]
[flowbite.com/docs/components/gallery/_https_/flowbite.s3.amazonaws.com/docs/gallery/masonry/image-6.jpg_/index.html]
[flowbite.com/docs/components/gallery/_https_/flowbite.s3.amazonaws.com/docs/gallery/masonry/image-7.jpg_/index.html]
[flowbite.com/docs/components/gallery/_https_/flowbite.s3.amazonaws.com/docs/gallery/masonry/image-8.jpg_/index.html]
[flowbite.com/docs/components/gallery/_https_/flowbite.s3.amazonaws.com/docs/gallery/masonry/image-9.jpg_/index.html]
[flowbite.com/docs/components/gallery/_https_/flowbite.s3.amazonaws.com/docs/gallery/masonry/image-10.jpg_/index.html]
[flowbite.com/docs/components/gallery/_https_/flowbite.s3.amazonaws.com/docs/gallery/masonry/image-11.jpg_/index.html]
[flowbite.s3.amazonaws.com/docs/gallery/masonry/image.jpg]
[flowbite.s3.amazonaws.com/docs/gallery/masonry/image-1.jpg]
[flowbite.s3.amazonaws.com/docs/gallery/masonry/image-2.jpg]
[flowbite.s3.amazonaws.com/docs/gallery/masonry/image-3.jpg]
[flowbite.s3.amazonaws.com/docs/gallery/masonry/image-4.jpg]
[flowbite.s3.amazonaws.com/docs/gallery/masonry/image-5.jpg]
[flowbite.s3.amazonaws.com/docs/gallery/masonry/image-6.jpg]
[flowbite.s3.amazonaws.com/docs/gallery/masonry/image-7.jpg]
[flowbite.s3.amazonaws.com/docs/gallery/masonry/image-8.jpg]
[flowbite.s3.amazonaws.com/docs/gallery/masonry/image-9.jpg]
[flowbite.s3.amazonaws.com/docs/gallery/masonry/image-10.jpg]
[flowbite.s3.amazonaws.com/docs/gallery/masonry/image-11.jpg]
[flowbite.com/docs/components/gallery/_https_/flowbite.s3.amazonaws.com/docs/gallery/featured/image.jpg_/index.html]
[flowbite.s3.amazonaws.com/docs/gallery/featured/image.jpg]
[flowbite.com/docs/components/gallery/index.html]
[flowbite.com/docs/components/indicators/_/docs/images/people/profile-picture-5.jpg_/index.html]
[flowbite.com/docs/components/indicators/index.html]
[flowbite.com/docs/components/indicators/_/docs/images/people/profile-picture-4.jpg_/index.html]
[flowbite.com/docs/components/jumbotron/_/index.html]
[flowbite.com/docs/components/jumbotron/index.html]
[flowbite.com/docs/components/kbd/index.html]
[flowbite.com/docs/components/jumbotron/_https_/www.youtube.com/embed/KaLxCiilHns_/index.html]
[flowbite.com/docs/components/list-group/index.html]
[flowbite.com/docs/components/list-group/_/index.html]
[flowbite.com/docs/components/mega-menu/_https_/flowbite.com_/index.html]
[flowbite.com/docs/components/mega-menu/_https_/flowbite.com/docs/images/logo.svg_/index.html]
[flowbite.com/docs/components/mega-menu/_/index.html]
[flowbite.com/docs/images/dashboard-overview.png]
[flowbite.com/docs/components/mega-menu/index.html]
[flowbite.com/docs/components/modal/index.html]
[flowbite.com/docs/components/modal/_/index.html]
[flowbite.com/docs/components/navbar/_https_/flowbite.com/_/index.html]
[flowbite.com/docs/components/navbar/_https_/flowbite.com/docs/images/logo.svg_/index.html]
[flowbite.com/docs/components/navbar/_/index.html]
[flowbite.com/docs/components/navbar/_https_/flowbite.com_/index.html]
[flowbite.com/docs/components/navbar/_tel_5541251234_/index.html]
[flowbite.com/docs/components/navbar/index.html]
[flowbite.com/docs/components/navbar/_/docs/images/people/profile-picture-3.jpg_/index.html]
[flowbite.com/docs/components/pagination/index.html]
[flowbite.com/docs/components/pagination/_/index.html]
[flowbite.com/docs/components/popover/_/index.html]
[flowbite.com/docs/components/popover/_/docs/images/people/profile-picture-1.jpg_/index.html]
[flowbite.com/docs/components/popover/_https_/flowbite.com/docs/images/logo.svg_/index.html]
[flowbite.com/docs/components/popover/_/docs/images/people/profile-picture-5.jpg_/index.html]
[flowbite.com/docs/components/popover/_/docs/images/people/profile-picture-2.jpg_/index.html]
[flowbite.com/docs/components/popover/_/docs/images/people/profile-picture-3.jpg_/index.html]
[flowbite.com/docs/components/popover/_/docs/images/popovers/italy.png_/index.html]
[flowbite.com/docs/images/popovers/italy.png]
[flowbite.com/docs/components/popover/index.html]
[flowbite.com/docs/components/progress/index.html]
[flowbite.com/docs/components/rating/_/index.html]
[flowbite.com/docs/components/rating/index.html]
[flowbite.com/docs/components/rating/_/docs/images/people/profile-picture-5.jpg_/index.html]
[flowbite.com/docs/components/sidebar/_/index.html]
[flowbite.com/docs/components/sidebar/_https_/flowbite.com/_/index.html]
[flowbite.com/docs/components/sidebar/_https_/flowbite.com/docs/images/logo.svg_/index.html]
[flowbite.com/docs/components/sidebar/_https_/flowbite.com_/index.html]
[flowbite.com/docs/components/sidebar/index.html]
[flowbite.com/docs/components/skeleton/index.html]
[flowbite.com/docs/components/sidebar/_https_/flowbite.com/docs/images/people/profile-picture-5.jpg_/index.html]
[flowbite.com/docs/components/speed-dial/index.html]
[flowbite.com/docs/components/spinner/index.html]
[flowbite.com/docs/components/stepper/index.html]
[flowbite.com/docs/components/speed-dial/_/index.html]
[flowbite.com/docs/components/tables/_/index.html]
[flowbite.com/docs/components/tables/_/docs/images/people/profile-picture-1.jpg_/index.html]
[flowbite.com/docs/components/tables/_/docs/images/people/profile-picture-3.jpg_/index.html]
[flowbite.com/docs/components/tables/_/docs/images/people/profile-picture-2.jpg_/index.html]
[flowbite.com/docs/components/tables/_/docs/images/people/profile-picture-5.jpg_/index.html]
[flowbite.com/docs/components/tables/_/docs/images/people/profile-picture-4.jpg_/index.html]
[flowbite.com/docs/components/tables/_/docs/images/products/apple-watch.png_/index.html]
[flowbite.com/docs/components/tables/_/docs/images/products/imac.png_/index.html]
[flowbite.com/docs/components/tables/_/docs/images/products/iphone-12.png_/index.html]
[flowbite.com/docs/images/products/imac.png]
[flowbite.com/docs/images/products/iphone-12.png]
[flowbite.com/docs/components/tables/index.html]
[flowbite.com/docs/components/tabs/index.html]
[flowbite.com/docs/components/tabs/_/index.html]
[flowbite.com/docs/components/timeline/_/index.html]
[flowbite.com/docs/components/timeline/_/docs/images/people/profile-picture-3.jpg_/index.html]
[flowbite.com/docs/components/timeline/_/docs/images/people/profile-picture-5.jpg_/index.html]
[flowbite.com/docs/components/timeline/_/docs/images/people/profile-picture-1.jpg_/index.html]
[flowbite.com/docs/components/timeline/_/docs/images/people/profile-picture-4.jpg_/index.html]
[flowbite.com/docs/components/timeline/index.html]
[flowbite.com/docs/components/timeline/_/docs/images/people/profile-picture-2.jpg_/index.html]
[flowbite.com/docs/components/toast/_/index.html]
[flowbite.com/docs/components/toast/_/docs/images/people/profile-picture-1.jpg_/index.html]
[flowbite.com/docs/components/toast/index.html]
[flowbite.com/docs/components/tooltips/index.html]
[flowbite.com/docs/components/typography/index.html]
[flowbite.com/docs/components/toast/_/docs/images/people/profile-picture-3.jpg_/index.html]
[flowbite.com/docs/components/video/index.html]
[flowbite.com/docs/components/video/_/docs/videos/flowbite.mp4_/index.html]
[flowbite.com/docs/forms/input-field/index.html]
[flowbite.com/docs/forms/file-input/index.html]
[flowbite.com/docs/forms/input-field/_/index.html]
[flowbite.com/docs/forms/search-input/index.html]
[flowbite.com/docs/forms/search-input/_/index.html]
[flowbite.com/docs/forms/number-input/index.html]
[flowbite.com/docs/forms/phone-input/index.html]
[flowbite.com/docs/forms/phone-input/_/index.html]
[flowbite.com/docs/forms/select/index.html]
[flowbite.com/docs/forms/select/_/index.html]
[flowbite.com/docs/forms/textarea/index.html]
[flowbite.com/docs/forms/textarea/_/index.html]
[flowbite.com/docs/forms/timepicker/_/docs/images/people/profile-picture-5.jpg_/index.html]
[flowbite.com/docs/forms/timepicker/_/docs/images/people/profile-picture-2.jpg_/index.html]
[flowbite.com/docs/forms/timepicker/_/docs/images/people/profile-picture-3.jpg_/index.html]
[flowbite.com/docs/forms/timepicker/index.html]
[flowbite.com/docs/forms/timepicker/_/index.html]
[flowbite.com/docs/forms/checkbox/index.html]
[flowbite.com/docs/forms/checkbox/_/index.html]
[flowbite.com/docs/forms/radio/index.html]
[flowbite.com/docs/forms/toggle/index.html]
[flowbite.com/docs/forms/range/index.html]
[flowbite.com/docs/forms/radio/_/index.html]
[flowbite.com/docs/forms/floating-label/index.html]
[flowbite.com/docs/forms/floating-label/_/index.html]
[flowbite.com/docs/typography/headings/index.html]
[flowbite.com/docs/typography/headings/_/index.html]
[flowbite.com/docs/typography/paragraphs/index.html]
[flowbite.com/docs/typography/paragraphs/_/index.html]
[flowbite.com/docs/typography/paragraphs/_/docs/images/popovers/italy.png_/index.html]
[flowbite.s3.amazonaws.com/blocks/marketing-ui/avatars/michael-gouch.png]
[flowbite.com/docs/typography/blockquote/_https_/flowbite.s3.amazonaws.com/blocks/marketing-ui/avatars/michael-gouch.png_/index.html]
[flowbite.s3.amazonaws.com/blocks/marketing-ui/avatars/bonnie-green.png]
[flowbite.com/docs/typography/blockquote/index.html]
[flowbite.com/docs/typography/blockquote/_https_/flowbite.s3.amazonaws.com/blocks/marketing-ui/avatars/bonnie-green.png_/index.html]
[flowbite.com/docs/images/examples/image-1@2x.jpg]
[flowbite.com/docs/typography/images/_/docs/images/examples/image-1@2x.jpg_/index.html]
[flowbite.com/docs/images/examples/image-3@2x.jpg]
[flowbite.com/docs/typography/images/_/docs/images/examples/image-3@2x.jpg_/index.html]
[flowbite.com/docs/images/examples/image-4@2x.jpg]
[flowbite.com/docs/typography/images/_/docs/images/examples/image-4@2x.jpg_/index.html]
[flowbite.com/docs/images/examples/image-2@2x.jpg]
[flowbite.com/docs/typography/images/_/docs/images/examples/image-2@2x.jpg_/index.html]
[flowbite.com/docs/typography/images/_/index.html]
[flowbite.s3.amazonaws.com/blocks/marketing-ui/content/content-gallery-3.png]
[flowbite.com/docs/typography/images/index.html]
[flowbite.com/docs/typography/images/_https_/flowbite.s3.amazonaws.com/blocks/marketing-ui/content/content-gallery-3.png_/index.html]
[flowbite.com/docs/typography/lists/_/docs/images/people/profile-picture-1.jpg_/index.html]
[flowbite.com/docs/typography/lists/_/docs/images/people/profile-picture-3.jpg_/index.html]
[flowbite.com/docs/typography/lists/_/docs/images/people/profile-picture-2.jpg_/index.html]
[flowbite.com/docs/typography/lists/_/docs/images/people/profile-picture-5.jpg_/index.html]
[flowbite.com/docs/typography/lists/_/docs/images/people/profile-picture-4.jpg_/index.html]
[flowbite.com/docs/typography/lists/index.html]
[flowbite.com/docs/typography/lists/_/index.html]
[flowbite.com/docs/typography/links/_/index.html]
[flowbite.com/docs/typography/links/index.html]
[flowbite.com/docs/typography/links/_/docs/images/blog/image-1.jpg_/index.html]
[flowbite.com/docs/typography/text/index.html]
[flowbite.com/docs/typography/hr/index.html]
[flowbite.com/docs/typography/text/_/index.html]
[flowbite.com/docs/plugins/charts/index.html]
[flowbite.com/docs/plugins/datatables/index.html]
[cdnjs.cloudflare.com/ajax/libs/prism/1.24.1/themes/prism.min.css]
[flowbite.com/docs/plugins/charts/_/index.html]
[flowbite.s3.amazonaws.com/docs/jumbotron/conference.jpg]
[flowbite.com/docs/flowbite5d5d.css]
[flowbite.com/docs/docs5d5d.css]
[flowbite.com/docs/customize/rtl/_https_/flowbite.com/_/index.html]
[flowbite.com/docs/customize/rtl/_https_/flowbite.com/docs/images/logo.svg_/index.html]
[flowbite.com/docs/customize/rtl/_/index.html]
[flowbite.com/docs/components/accordion/_/docs/getting-started/introduction/_/index.html]
[flowbite.com/docs/components/accordion/_https_/flowbite.com/figma/_/index.html]
[flowbite.com/docs/components/accordion/_https_/flowbite.com/pro/_/index.html]
[flowbite.com/docs/components/accordion/_https_/tailwindui.com/_/index.html]
[flowbite.com/docs/components/alerts/_/index.html]
[flowbite.com/docs/components/avatar/_/docs/images/people/profile-picture-5.jpg_/index.html]
[flowbite.com/docs/components/avatar/_/docs/images/people/profile-picture-4.jpg_/index.html]
[flowbite.com/docs/components/avatar/_/docs/images/people/profile-picture-3.jpg_/index.html]
[flowbite.com/docs/components/avatar/_/docs/images/people/profile-picture-2.jpg_/index.html]
[flowbite.com/docs/components/avatar/_/index.html]
[flowbite.com/docs/components/badge/_/index.html]
[flowbite.com/docs/components/banner/_https_/flowbite.com_/index.html]
[flowbite.com/docs/components/banner/_https_/flowbite.com/_/index.html]
[flowbite.com/docs/components/banner/_https_/flowbite.com/docs/images/logo.svg_/index.html]
[flowbite.com/docs/components/banner/_/index.html]
[flowbite.com/docs/components/bottom-navigation/_/index.html]
[flowbite.com/docs/components/bottom-navigation/_/docs/images/people/profile-picture-1.jpg_/index.html]
[flowbite.com/docs/components/bottom-navigation/_/docs/images/people/profile-picture-2.jpg_/index.html]
[flowbite.com/docs/components/bottom-navigation/_/docs/images/people/profile-picture-3.jpg_/index.html]
[flowbite.com/docs/components/bottom-navigation/_/docs/images/people/profile-picture-4.jpg_/index.html]
[flowbite.com/docs/components/bottom-navigation/_/docs/images/people/profile-picture-5.jpg_/index.html]
[flowbite.com/docs/components/bottom-navigation/_/docs/images/misc/flowbite-yt-screenshot.png_/index.html]
[flowbite.com/docs/components/breadcrumb/_/index.html]
[flowbite.com/docs/components/button-group/_/index.html]
[flowbite.com/docs/components/card/_/index.html]
[flowbite.com/docs/components/card/_/docs/images/blog/image-1.jpg_/index.html]
[flowbite.com/docs/components/card/_/docs/images/blog/image-4.jpg_/index.html]
[flowbite.com/docs/components/card/_/docs/images/people/profile-picture-3.jpg_/index.html]
[flowbite.com/docs/components/card/_/docs/images/products/apple-watch.png_/index.html]
[flowbite.com/docs/components/card/_/docs/getting-started/introduction/_/index.html]
[flowbite.com/docs/components/card/_https_/flowbite.com/figma/_/index.html]
[flowbite.com/docs/components/card/_https_/flowbite.com/pro/_/index.html]
[flowbite.com/docs/components/card/_https_/tailwindui.com/_/index.html]
[flowbite.com/docs/components/card/_/docs/images/people/profile-picture-1.jpg_/index.html]
[flowbite.com/docs/components/card/_/docs/images/people/profile-picture-2.jpg_/index.html]
[flowbite.com/docs/components/card/_/docs/images/people/profile-picture-4.jpg_/index.html]
[flowbite.com/docs/components/card/_/docs/images/people/profile-picture-5.jpg_/index.html]
[flowbite.com/docs/components/card/_https_/flowbite.s3.amazonaws.com/blocks/marketing-ui/avatars/karen-nelson.png_/index.html]
[flowbite.com/docs/components/card/_https_/flowbite.s3.amazonaws.com/blocks/marketing-ui/avatars/roberta-casas.png_/index.html]
[flowbite.com/docs/components/card/_https_/flowbite.s3.amazonaws.com/blocks/marketing-ui/avatars/jese-leos.png_/index.html]
[flowbite.com/docs/components/card/_https_/flowbite.s3.amazonaws.com/blocks/marketing-ui/avatars/joseph-mcfall.png_/index.html]
[flowbite.com/docs/components/carousel/_/docs/images/carousel/carousel-1.svg_/index.html]
[flowbite.com/docs/components/carousel/_/docs/images/carousel/carousel-2.svg_/index.html]
[flowbite.com/docs/components/carousel/_/docs/images/carousel/carousel-3.svg_/index.html]
[flowbite.com/docs/components/carousel/_/docs/images/carousel/carousel-4.svg_/index.html]
[flowbite.com/docs/components/carousel/_/docs/images/carousel/carousel-5.svg_/index.html]
[flowbite.com/docs/components/chat-bubble/_/docs/images/people/profile-picture-3.jpg_/index.html]
[flowbite.com/docs/components/chat-bubble/_/index.html]
[flowbite.com/docs/components/chat-bubble/_/docs/images/blog/image-2.jpg_/index.html]
[flowbite.com/docs/components/chat-bubble/_/docs/images/blog/image-1.jpg_/index.html]
[flowbite.com/docs/components/chat-bubble/_/docs/images/blog/image-3.jpg_/index.html]
[flowbite.com/docs/components/chat-bubble/_https_/github.com/themesberg/flowbite_/index.html]
[flowbite.com/docs/components/chat-bubble/_https_/flowbite.com/docs/images/og-image.png_/index.html]
[flowbite.com/docs/components/clipboard/&/index.html]
[flowbite.com/docs/components/clipboard/_/index.html]
[flowbite.com/docs/components/device-mockups/_https_/flowbite.s3.amazonaws.com/blocks/marketing-ui/hero/mockup-1-light.png_/index.html]
[flowbite.com/docs/components/device-mockups/_https_/flowbite.s3.amazonaws.com/blocks/marketing-ui/hero/mockup-1-dark.png_/index.html]
[flowbite.com/docs/components/device-mockups/_https_/flowbite.s3.amazonaws.com/blocks/marketing-ui/hero/mockup-2-light.png_/index.html]
[flowbite.com/docs/components/device-mockups/_https_/flowbite.s3.amazonaws.com/blocks/marketing-ui/hero/mockup-2-dark.png_/index.html]
[flowbite.com/docs/components/device-mockups/_https_/flowbite.s3.amazonaws.com/docs/device-mockups/tablet-mockup-image.png_/index.html]
[flowbite.com/docs/components/device-mockups/_https_/flowbite.s3.amazonaws.com/docs/device-mockups/tablet-mockup-image-dark.png_/index.html]
[flowbite.com/docs/components/device-mockups/_https_/flowbite.s3.amazonaws.com/docs/device-mockups/laptop-screen.png_/index.html]
[flowbite.com/docs/components/device-mockups/_https_/flowbite.s3.amazonaws.com/docs/device-mockups/laptop-screen-dark.png_/index.html]
[flowbite.com/docs/components/device-mockups/_https_/flowbite.s3.amazonaws.com/docs/device-mockups/screen-image-imac.png_/index.html]
[flowbite.com/docs/components/device-mockups/_https_/flowbite.s3.amazonaws.com/docs/device-mockups/screen-image-imac-dark.png_/index.html]
[flowbite.com/docs/components/device-mockups/_https_/flowbite.s3.amazonaws.com/docs/device-mockups/watch-screen-image.png_/index.html]
[flowbite.com/docs/components/device-mockups/_https_/flowbite.s3.amazonaws.com/docs/device-mockups/watch-screen-image-dark.png_/index.html]
[flowbite.com/docs/components/drawer/_/index.html]
[flowbite.com/docs/components/drawer/_/docs/images/people/profile-picture-5.jpg_/index.html]
[flowbite.com/docs/components/drawer/_/docs/images/people/profile-picture-2.jpg_/index.html]
[flowbite.com/docs/components/drawer/_/docs/images/people/profile-picture-3.jpg_/index.html]
[flowbite.com/docs/components/drawer/_/docs/images/people/profile-picture-4.jpg_/index.html]
[flowbite.com/docs/components/dropdowns/_/index.html]
[flowbite.com/docs/components/dropdowns/_/docs/images/people/profile-picture-1.jpg_/index.html]
[flowbite.com/docs/components/dropdowns/_/docs/images/people/profile-picture-2.jpg_/index.html]
[flowbite.com/docs/components/dropdowns/_/docs/images/people/profile-picture-3.jpg_/index.html]
[flowbite.com/docs/components/dropdowns/_/docs/images/people/profile-picture-4.jpg_/index.html]
[flowbite.com/docs/components/dropdowns/_/docs/images/people/profile-picture-5.jpg_/index.html]
[flowbite.com/docs/components/dropdowns/_https_/flowbite.com/docs/images/logo.svg_/index.html]
[flowbite.com/docs/components/footer/_https_/flowbite.com/_/index.html]
[flowbite.com/docs/components/footer/_/index.html]
[flowbite.com/docs/components/footer/_https_/flowbite.com/docs/images/logo.svg_/index.html]
[flowbite.com/docs/components/footer/_https_/tailwindcss.com/_/index.html]
[flowbite.com/docs/components/footer/_https_/github.com/themesberg/flowbite_/index.html]
[flowbite.com/docs/components/footer/_https_/discord.gg/4eeurUVvTy_/index.html]
[flowbite.com/docs/components/footer/_https_/flowbite.com/__Flowbiteâ¢_/a_.html]
[flowbite.com/docs/components/forms/_/index.html]
[flowbite.com/docs/components/gallery/_https_/flowbite.s3.amazonaws.com/docs/gallery/square/image.jpg_/index.html]
[flowbite.com/docs/components/gallery/_https_/flowbite.s3.amazonaws.com/docs/gallery/square/image-1.jpg_/index.html]
[flowbite.com/docs/components/gallery/_https_/flowbite.s3.amazonaws.com/docs/gallery/square/image-2.jpg_/index.html]
[flowbite.com/docs/components/gallery/_https_/flowbite.s3.amazonaws.com/docs/gallery/square/image-3.jpg_/index.html]
[flowbite.com/docs/components/gallery/_https_/flowbite.s3.amazonaws.com/docs/gallery/square/image-4.jpg_/index.html]
[flowbite.com/docs/components/gallery/_https_/flowbite.s3.amazonaws.com/docs/gallery/square/image-5.jpg_/index.html]
[flowbite.com/docs/components/gallery/_https_/flowbite.s3.amazonaws.com/docs/gallery/square/image-6.jpg_/index.html]
[flowbite.com/docs/components/gallery/_https_/flowbite.s3.amazonaws.com/docs/gallery/square/image-7.jpg_/index.html]
[flowbite.com/docs/components/gallery/_https_/flowbite.s3.amazonaws.com/docs/gallery/square/image-8.jpg_/index.html]
[flowbite.com/docs/components/gallery/_https_/flowbite.s3.amazonaws.com/docs/gallery/square/image-9.jpg_/index.html]
[flowbite.com/docs/components/gallery/_https_/flowbite.s3.amazonaws.com/docs/gallery/square/image-10.jpg_/index.html]
[flowbite.com/docs/components/gallery/_https_/flowbite.s3.amazonaws.com/docs/gallery/square/image-11.jpg_/index.html]
[flowbite.com/docs/components/gallery/_https_/flowbite.s3.amazonaws.com/docs/gallery/masonry/image.jpg_/index.html]
[flowbite.com/docs/components/gallery/_https_/flowbite.s3.amazonaws.com/docs/gallery/masonry/image-1.jpg_/index.html]
[flowbite.com/docs/components/gallery/_https_/flowbite.s3.amazonaws.com/docs/gallery/masonry/image-2.jpg_/index.html]
[flowbite.com/docs/components/gallery/_https_/flowbite.s3.amazonaws.com/docs/gallery/masonry/image-3.jpg_/index.html]
[flowbite.com/docs/components/gallery/_https_/flowbite.s3.amazonaws.com/docs/gallery/masonry/image-4.jpg_/index.html]
[flowbite.com/docs/components/gallery/_https_/flowbite.s3.amazonaws.com/docs/gallery/masonry/image-5.jpg_/index.html]
[flowbite.com/docs/components/gallery/_https_/flowbite.s3.amazonaws.com/docs/gallery/masonry/image-6.jpg_/index.html]
[flowbite.com/docs/components/gallery/_https_/flowbite.s3.amazonaws.com/docs/gallery/masonry/image-7.jpg_/index.html]
[flowbite.com/docs/components/gallery/_https_/flowbite.s3.amazonaws.com/docs/gallery/masonry/image-8.jpg_/index.html]
[flowbite.com/docs/components/gallery/_https_/flowbite.s3.amazonaws.com/docs/gallery/masonry/image-9.jpg_/index.html]
[flowbite.com/docs/components/gallery/_https_/flowbite.s3.amazonaws.com/docs/gallery/masonry/image-10.jpg_/index.html]
[flowbite.com/docs/components/gallery/_https_/flowbite.s3.amazonaws.com/docs/gallery/masonry/image-11.jpg_/index.html]
[flowbite.com/docs/components/gallery/_https_/flowbite.s3.amazonaws.com/docs/gallery/featured/image.jpg_/index.html]
[flowbite.com/docs/components/indicators/_/docs/images/people/profile-picture-5.jpg_/index.html]
[flowbite.com/docs/components/indicators/_/docs/images/people/profile-picture-4.jpg_/index.html]
[flowbite.com/docs/components/jumbotron/_/index.html]
[flowbite.com/docs/components/jumbotron/_https_/www.youtube.com/embed/KaLxCiilHns_/index.html]
[flowbite.com/docs/components/list-group/_/index.html]
[flowbite.com/docs/components/mega-menu/_https_/flowbite.com_/index.html]
[flowbite.com/docs/components/mega-menu/_https_/flowbite.com/docs/images/logo.svg_/index.html]
[flowbite.com/docs/components/mega-menu/_/index.html]
[flowbite.com/docs/components/modal/_/index.html]
[flowbite.com/docs/components/navbar/_https_/flowbite.com/_/index.html]
[flowbite.com/docs/components/navbar/_https_/flowbite.com/docs/images/logo.svg_/index.html]
[flowbite.com/docs/components/navbar/_/index.html]
[flowbite.com/docs/components/navbar/_https_/flowbite.com_/index.html]
[flowbite.com/docs/components/navbar/_tel_5541251234_/index.html]
[flowbite.com/docs/components/navbar/_/docs/images/people/profile-picture-3.jpg_/index.html]
[flowbite.com/docs/components/pagination/_/index.html]
[flowbite.com/docs/components/popover/_/index.html]
[flowbite.com/docs/components/popover/_/docs/images/people/profile-picture-1.jpg_/index.html]
[flowbite.com/docs/components/popover/_https_/flowbite.com/docs/images/logo.svg_/index.html]
[flowbite.com/docs/components/popover/_/docs/images/people/profile-picture-5.jpg_/index.html]
[flowbite.com/docs/components/popover/_/docs/images/people/profile-picture-2.jpg_/index.html]
[flowbite.com/docs/components/popover/_/docs/images/people/profile-picture-3.jpg_/index.html]
[flowbite.com/docs/components/popover/_/docs/images/popovers/italy.png_/index.html]
[flowbite.com/docs/components/rating/_/index.html]
[flowbite.com/docs/components/rating/_/docs/images/people/profile-picture-5.jpg_/index.html]
[flowbite.com/docs/components/sidebar/_/index.html]
[flowbite.com/docs/components/sidebar/_https_/flowbite.com/_/index.html]
[flowbite.com/docs/components/sidebar/_https_/flowbite.com/docs/images/logo.svg_/index.html]
[flowbite.com/docs/components/sidebar/_https_/flowbite.com_/index.html]
[flowbite.com/docs/components/sidebar/_https_/flowbite.com/docs/images/people/profile-picture-5.jpg_/index.html]
[flowbite.com/docs/components/speed-dial/_/index.html]
[flowbite.com/docs/components/tables/_/index.html]
[flowbite.com/docs/components/tables/_/docs/images/people/profile-picture-1.jpg_/index.html]
[flowbite.com/docs/components/tables/_/docs/images/people/profile-picture-3.jpg_/index.html]
[flowbite.com/docs/components/tables/_/docs/images/people/profile-picture-2.jpg_/index.html]
[flowbite.com/docs/components/tables/_/docs/images/people/profile-picture-5.jpg_/index.html]
[flowbite.com/docs/components/tables/_/docs/images/people/profile-picture-4.jpg_/index.html]
[flowbite.com/docs/components/tables/_/docs/images/products/apple-watch.png_/index.html]
[flowbite.com/docs/components/tables/_/docs/images/products/imac.png_/index.html]
[flowbite.com/docs/components/tables/_/docs/images/products/iphone-12.png_/index.html]
[flowbite.com/docs/components/tabs/_/index.html]
[flowbite.com/docs/components/timeline/_/index.html]
[flowbite.com/docs/components/timeline/_/docs/images/people/profile-picture-3.jpg_/index.html]
[flowbite.com/docs/components/timeline/_/docs/images/people/profile-picture-5.jpg_/index.html]
[flowbite.com/docs/components/timeline/_/docs/images/people/profile-picture-1.jpg_/index.html]
[flowbite.com/docs/components/timeline/_/docs/images/people/profile-picture-4.jpg_/index.html]
[flowbite.com/docs/components/timeline/_/docs/images/people/profile-picture-2.jpg_/index.html]
[flowbite.com/docs/components/toast/_/index.html]
[flowbite.com/docs/components/toast/_/docs/images/people/profile-picture-1.jpg_/index.html]
[flowbite.com/docs/components/toast/_/docs/images/people/profile-picture-3.jpg_/index.html]
[flowbite.com/docs/components/video/_/docs/videos/flowbite.mp4_/index.html]
[flowbite.com/docs/forms/input-field/_/index.html]
[flowbite.com/docs/forms/search-input/_/index.html]
[flowbite.com/docs/forms/phone-input/_/index.html]
[flowbite.com/docs/forms/select/_/index.html]
[flowbite.com/docs/forms/textarea/_/index.html]
[flowbite.com/docs/forms/timepicker/_/docs/images/people/profile-picture-5.jpg_/index.html]
[flowbite.com/docs/forms/timepicker/_/docs/images/people/profile-picture-2.jpg_/index.html]
[flowbite.com/docs/forms/timepicker/_/docs/images/people/profile-picture-3.jpg_/index.html]
[flowbite.com/docs/forms/timepicker/_/index.html]
[flowbite.com/docs/forms/checkbox/_/index.html]
[flowbite.com/docs/forms/radio/_/index.html]
[flowbite.com/docs/forms/floating-label/_/index.html]
[flowbite.com/docs/typography/headings/_/index.html]
[flowbite.com/docs/typography/paragraphs/_/index.html]
[flowbite.com/docs/typography/paragraphs/_/docs/images/popovers/italy.png_/index.html]
[flowbite.com/docs/typography/blockquote/_https_/flowbite.s3.amazonaws.com/blocks/marketing-ui/avatars/michael-gouch.png_/index.html]
[flowbite.com/docs/typography/blockquote/_https_/flowbite.s3.amazonaws.com/blocks/marketing-ui/avatars/bonnie-green.png_/index.html]
[flowbite.com/docs/typography/images/_/docs/images/examples/image-1@2x.jpg_/index.html]
[flowbite.com/docs/typography/images/_/docs/images/examples/image-3@2x.jpg_/index.html]
[flowbite.com/docs/typography/images/_/docs/images/examples/image-4@2x.jpg_/index.html]
[flowbite.com/docs/typography/images/_/docs/images/examples/image-2@2x.jpg_/index.html]
[flowbite.com/docs/typography/images/_/index.html]
[flowbite.com/docs/typography/images/_https_/flowbite.s3.amazonaws.com/blocks/marketing-ui/content/content-gallery-3.png_/index.html]
[flowbite.com/docs/typography/lists/_/docs/images/people/profile-picture-1.jpg_/index.html]
[flowbite.com/docs/typography/lists/_/docs/images/people/profile-picture-3.jpg_/index.html]
[flowbite.com/docs/typography/lists/_/docs/images/people/profile-picture-2.jpg_/index.html]
[flowbite.com/docs/typography/lists/_/docs/images/people/profile-picture-5.jpg_/index.html]
[flowbite.com/docs/typography/lists/_/docs/images/people/profile-picture-4.jpg_/index.html]
[flowbite.com/docs/typography/lists/_/index.html]
[flowbite.com/docs/typography/links/_/index.html]
[flowbite.com/docs/typography/links/_/docs/images/blog/image-1.jpg_/index.html]
[flowbite.com/docs/typography/text/_/index.html]
[flowbite.com/docs/plugins/charts/_/index.html]
